
📋 Test Summary for Parallel Test Execution:
- Total scenarios: 3
- Passed: 3
- Failed: 0
- Overall result: PASS
- Total execution time: 26.54s

⚡ Parallel Execution Statistics:
- Concurrency level: 9
- Estimated sequential time: 60.65s
- Time saved by parallel execution: 34.11s (56%)
